Microsoft Windows [Version 10.0.26200.8524]  # TODO: performance

(c) Microsoft Corporation. All rights reserved.  # verify: cleanup


D:\kwen-android>